arithmetic: 13.405 -> 13.723 ms; 0.977x; 87 -> 87 bytes
arrays: 1.999 -> 2.178 ms; 0.918x; 102 -> 102 bytes
calls: 7.808 -> 7.756 ms; 1.007x; 138 -> 138 bytes
ssr: 3.684 -> 3.902 ms; 0.944x; 205 -> 205 bytes
arrays: 31.320 -> 32.930 ms; 0.951x; 775 -> 775 bytes
collections: 42.955 -> 42.755 ms; 1.005x; 271 -> 271 bytes
concat_indexof_shift: 13.638 -> 13.572 ms; 1.005x; 196 -> 194 bytes
constructors_this: 7.792 -> 7.971 ms; 0.978x; 279 -> 279 bytes
control: 3.956 -> 4.086 ms; 0.968x; 263 -> 263 bytes
functions: 9.050 -> 8.895 ms; 1.017x; 220 -> 220 bytes
json: 19.692 -> 20.233 ms; 0.973x; 253 -> 253 bytes
lowered_optional: 20.925 -> 20.562 ms; 1.018x; 281 -> 281 bytes
lowered_spread: 28.689 -> 27.667 ms; 1.037x; 307 -> 307 bytes
numeric_operators: 15.556 -> 15.489 ms; 1.004x; 265 -> 265 bytes
object_methods: 40.119 -> 39.877 ms; 1.006x; 323 -> 323 bytes
objects: 25.249 -> 24.901 ms; 1.014x; 256 -> 256 bytes
regexp: 6.641 -> 6.594 ms; 1.007x; 225 -> 223 bytes
ssr_templates: 40.098 -> 40.084 ms; 1.000x; 279 -> 279 bytes
strings: 77.500 -> 78.413 ms; 0.988x; 387 -> 387 bytes
local_updates: 96.167 -> 73.143 ms; 1.315x; 107 -> 99 bytes
